// Jest Snapshot v1, https://goo.gl/fbAQLP

exports[`permission matrix (derived from @Roles) matches the locked matrix snapshot 1`] = `
[
  "GET /admin/audit → roles [ADMIN]",
  "GET /admin/integrations → roles [ADMIN]",
  "PATCH /admin/integrations/:key/config → roles [ADMIN]",
  "POST /admin/integrations/:key/test → roles [ADMIN]",
  "GET /admin/opcos → roles [ADMIN,REGIONAL]",
  "POST /admin/opcos → roles [ADMIN,REGIONAL]",
  "PATCH /admin/opcos/:id → roles [ADMIN,REGIONAL]",
  "GET /admin/outbound-failures → roles [ADMIN,REGIONAL]",
  "POST /admin/outbound-failures/:id/abandon → roles [ADMIN,REGIONAL]",
  "POST /admin/outbound-failures/:id/reopen → roles [ADMIN,REGIONAL]",
  "POST /admin/outbound-failures/:id/retry → roles [ADMIN,REGIONAL]",
  "GET /admin/permissions → roles [ADMIN]",
  "GET /admin/users → roles [ADMIN]",
  "POST /admin/users → roles [ADMIN]",
  "PATCH /admin/users/:id → roles [ADMIN]",
  "POST /admin/users/:id/reset-password → roles [ADMIN]",
  "POST /auth/forgot-password → public []",
  "POST /auth/login → public []",
  "POST /auth/logout → public []",
  "POST /auth/refresh → public []",
  "POST /auth/reset-password → public []",
  "GET /fulfilment/activity → roles [ADMIN,REGIONAL,OPCO_IT]",
  "GET /fulfilment/requests → roles [ADMIN,REGIONAL,OPCO_IT]",
  "POST /fulfilment/requests → roles [ADMIN,REGIONAL,OPCO_IT]",
  "GET /fulfilment/requests/:id → roles [ADMIN,REGIONAL,OPCO_IT]",
  "PATCH /fulfilment/requests/:id → roles [ADMIN,REGIONAL,OPCO_IT]",
  "POST /fulfilment/requests/:id/line-items → roles [ADMIN,REGIONAL,OPCO_IT]",
  "DELETE /fulfilment/requests/:id/line-items/:lineItemId → roles [ADMIN,REGIONAL,OPCO_IT]",
  "PATCH /fulfilment/requests/:id/line-items/:lineItemId/assign → roles [ADMIN,REGIONAL,OPCO_IT]",
  "PATCH /fulfilment/requests/:id/line-items/:lineItemId/stage → roles [ADMIN,REGIONAL,OPCO_IT]",
  "PATCH /fulfilment/requests/:id/sync → roles [ADMIN,REGIONAL,OPCO_IT]",
  "POST /fulfilment/requests/:id/sync-check → roles [ADMIN,REGIONAL,OPCO_IT]",
  "GET /license/catalog → roles [ADMIN,REGIONAL,OPCO_IT]",
  "PATCH /license/catalog/:id → roles [ADMIN,REGIONAL]",
  "POST /license/catalog/sync → roles [ADMIN,REGIONAL]",
  "GET /license/drift → roles [ADMIN,REGIONAL,OPCO_IT]",
  "GET /license/ledger → roles [ADMIN,REGIONAL,OPCO_IT]",
  "PATCH /license/ledger/:id → roles [ADMIN,REGIONAL,OPCO_IT]",
  "POST /license/ledger/import → roles [ADMIN,REGIONAL]",
  "GET /license/ledger/stats → roles [ADMIN,REGIONAL,OPCO_IT]",
  "POST /license/reconcile → roles [ADMIN,REGIONAL]",
  "GET /license/tenant-skus → roles [ADMIN,REGIONAL]",
  "GET /license/tenant-skus/stats → roles [ADMIN,REGIONAL]",
  "GET /me → authenticated []",
  "PATCH /me/password → authenticated []",
  "GET /opcos → roles [ADMIN,REGIONAL,OPCO_IT]",
  "POST /requests → roles [ADMIN,REGIONAL,OPCO_IT]",
  "POST /requests/import-from-servicenow → roles [ADMIN]",
  "POST /requests/intake → m2m []",
  "POST /requests/intake/n8n → m2m []",
  "GET /requests/servicenow-lookup → roles [ADMIN]",
]
`;
